scene Level_ChinaTown_New_Art.unity: bundle AssetBundles/d5/d5384d0130168236de742577737d1b07
bundles loaded: 85; unresolved externals: ['cab-0006cf558a2b2dfaba4f7ca666101a55', 'cab-0aa6a471fb33bc8ff259100b0c977344', 'cab-146ea372bf0a13e6a4ea63e4a3c5e6bf', 'cab-151dfdce3c15f5e9a20aab4c8489d1b9', 'cab-cd1d29782da210e3960a6d457624c657', 'cab-f3e172233fa19193a1a32d3ffe375ac8', 'unity default resources', 'unity_builtin_extra']
lightmap 0: Level_ChinaTown_New_Art_LM0_LS 256x256 fmt=48 colorSpace=1 rgb mean=0.260 max=0.686 alpha mean=0.405
lightmap 1: Level_ChinaTown_New_Art_LMA1_LS 256x256 fmt=48 colorSpace=1 rgb mean=0.068 max=0.580 alpha mean=0.118
lightmap 2: cannot read (PPtr can't deref with m_PathID == 0!)
lightmapsMode=0 useShadowmask=True
note: /Artist/PVS/LowD/E_ChinaTown_New_Water_01 material E_ChinaTown_New_Water_01 (QF/Env/0_MeshOcean/MeshOcean_Transparent) has no albedo texture; tint only
note: /Artist/liushu/C_liushu_03_LODGroup (4)/C_liushu_03_LOD0 uses lightmap 2 which has no texture; drawn unlightmapped
note: /Artist/liushu/C_liushu_03_LODGroup (5)/C_liushu_03_LOD0 uses lightmap 2 which has no texture; drawn unlightmapped
skipped: lod>0=281
shader QF/Env/0_MeshOcean/MeshOcean_Transparent: texture slots []
shader QF/Env/Basic_Plant_Wind: texture slots ['_MainTex']
shader QF/Env/Ink/Diffuse: texture slots ['_MainTex']
shader QF/Env/Sky_Generic_Diffuse: texture slots ['_MainTex']
shader QF_Gamma/Env/Transparent/Basic_AlphaBlendScrollBG: texture slots ['_BackGroundTex', '_MainTex']
shader QF_PBR/Env/NssStandard: texture slots ['_BaseMap', '_BaseMap2', '_EmissionMap', '_NormalMRMap', '_NormalMRMap2', '_OcclusionMap']
shader QF_PBR/Env/NssStandardPlantOneSide: texture slots ['_BaseMap', '_NormalMRMap']
shader QF_PBR/Env/NssTerrain2Layer: texture slots ['_BaseMap', '_BaseMap2', '_HeightMaskTex', '_NormalMRMap', '_NormalMRMap2']
  tex E_Leisure2023_Syk01 2048x512 -> 1024x256 rgb 12 KB
prim sky:Skybox_Common: QF/Env/Sky_Generic_Diffuse alpha=OPAQUE tris=2432 verts=1335 from ['SkyBox_Common']
  tex C_Shu_01_D@RGBAC 256x256 -> 256x256 rgba 11 KB
inst inst:C_GuanMu_01_LOD0:C_GuanMu_03|lm0: 205 instances in 33 chunks, tris each=204 verts=408
  tex C_Shu_ChinaTown_New_01_color 512x512 -> 512x512 rgba 31 KB
inst inst:C_Shu_ChinaTown_New_01_LOD0:C_Shu_ChinaTown_New_01|lm0: 15 instances in 13 chunks, tris each=2678 verts=5366
  tex C_Shu_ChinaTown_New_02_color 256x512 -> 256x512 rgba 57 KB
inst inst:C_Shu_ChinaTown_New_01_LOD0:C_Shu_ChinaTown_New_02|lm0: 28 instances in 20 chunks, tris each=199 verts=252
  tex E_Yinghuashu_01 512x256 -> 512x256 rgba 33 KB
inst inst:E_Yinghuashu_03:C_Yinghuashu_01|lm0: 3 instances in 3 chunks, tris each=1810 verts=3105
inst inst:E_Yinghuashu_01:C_Yinghuashu_01|lm0: 4 instances in 4 chunks, tris each=2569 verts=4035
  tex C_Shu_ChinaTown_New_03_color 512x512 -> 512x512 rgba 30 KB
inst inst:C_Shu_ChinaTown_New_01_LOD0:C_Shu_ChinaTown_New_03|lm0: 13 instances in 13 chunks, tris each=2678 verts=5366
  tex E_ChinaTown_New_Building_01_B 256x256 -> 256x256 rgb 12 KB
  tex E_ChinaTown_New_Building_01_Glow 256x256 -> 256x256 rgb 4 KB
prim E_ChinaTown_New_Building_01_NoAO|lm0@-1,-2: QF_PBR/Env/NssStandard alpha=OPAQUE tris=5422 verts=6619 from ['E_ChinaTown_New_Door_01', 'E_ChinaTown_New_Thing_01']
prim E_ChinaTown_New_Building_01_NoAO|lm0@-3,-2: QF_PBR/Env/NssStandard alpha=OPAQUE tris=12765 verts=12393 from ['E_ChinaTown_New_Thing_02']
prim E_ChinaTown_New_Building_01_NoAO|lm0@-4,-1: QF_PBR/Env/NssStandard alpha=OPAQUE tris=8597 verts=8155 from ['E_ChinaTown_New_Thing_04']
prim E_ChinaTown_New_Building_01_NoAO|lm0@-4,0: QF_PBR/Env/NssStandard alpha=OPAQUE tris=1462 verts=1683 from ['E_ChinaTown_New_Door_01']
prim E_ChinaTown_New_Building_01_NoAO|lm0@1,-2: QF_PBR/Env/NssStandard alpha=OPAQUE tris=5002 verts=6326 from ['E_ChinaTown_New_Thing_05']
prim E_ChinaTown_New_Building_01_NoAO|lm0@2,-1: QF_PBR/Env/NssStandard alpha=OPAQUE tris=4066 verts=4538 from ['E_ChinaTown_New_Building_04']
  tex E_ChinaTown_New_Lujie_02_B 256x256 -> 256x256 rgb 3 KB
prim E_ChinaTown_New_Lujie_06|lm0@1,-2: QF_PBR/Env/NssStandard alpha=OPAQUE tris=38 verts=78 from ['E_ChinaTown_New_Thing_05']
  tex E_ChinaTown_New_Building_03_B 256x256 -> 256x256 rgba 22 KB
  tex E_ChinaTown_New_Building_03_B 256x256 -> 256x256 rgb 8 KB
prim E_ChinaTown_New_Building_03|lm0@-2,1: QF_PBR/Env/NssStandard alpha=MASK tris=499 verts=974 from ['E_ChinaTown_New_Building_02']
prim E_ChinaTown_New_Building_03|lm0@-3,-2: QF_PBR/Env/NssStandard alpha=MASK tris=455 verts=940 from ['E_ChinaTown_New_Thing_02']
prim E_ChinaTown_New_Building_03|lm0@-3,1: QF_PBR/Env/NssStandard alpha=MASK tris=182 verts=376 from ['E_ChinaTown_New_Thing_03']
prim E_ChinaTown_New_Building_03|lm0@1,-2: QF_PBR/Env/NssStandard alpha=MASK tris=281 verts=580 from ['E_ChinaTown_New_Thing_05']
prim E_ChinaTown_New_Building_03|lm0@2,-1: QF_PBR/Env/NssStandard alpha=MASK tris=1035 verts=1826 from ['E_ChinaTown_New_Building_04']
  tex C_Zhuzi_01_D@RGBAC 1024x1024 -> 512x512 rgba 68 KB
inst inst:C_Zhuzi_01_LOD0:C_Zhuzi_01|lm0: 11 instances in 7 chunks, tris each=3065 verts=3135
inst inst:C_Zhuzi_02_LOD0:C_Zhuzi_01|lm0: 12 instances in 7 chunks, tris each=1987 verts=2035
prim E_ChinaTown_New_Building_01|lm0@-3,1: QF_PBR/Env/NssStandard alpha=OPAQUE tris=3070 verts=3887 from ['E_ChinaTown_New_Thing_03']
prim E_ChinaTown_New_Building_01|lm0@0,1: QF_PBR/Env/NssStandard alpha=OPAQUE tris=8108 verts=9132 from ['E_ChinaTown_New_Building_01', 'E_ChinaTown_New_Building_01a']
  tex E_ChinaTown_New_Building_02_B 256x256 -> 256x256 rgb 14 KB
prim E_ChinaTown_New_Building_02NoAO|lm0@-3,-2: QF_PBR/Env/NssStandard alpha=OPAQUE tris=2585 verts=1629 from ['E_ChinaTown_New_Thing_02']
prim E_ChinaTown_New_Building_02NoAO|lm0@-4,-1: QF_PBR/Env/NssStandard alpha=OPAQUE tris=1207 verts=747 from ['E_ChinaTown_New_Thing_04']
  tex E_ChinaTown_New_Building_02_B 256x256 -> 256x256 rgb 14 KB
prim E_ChinaTown_New_Building_05|lm0@-2,1: QF/Env/Basic_Plant_Wind alpha=MASK tris=156 verts=180 from ['E_ChinaTown_New_Building_03']
prim E_ChinaTown_New_Building_02|lm0@-2,1: QF_PBR/Env/NssStandard alpha=OPAQUE tris=15769 verts=21399 from ['E_ChinaTown_New_Building_02', 'E_ChinaTown_New_Building_03']
prim E_ChinaTown_New_Building_02|lm0@-3,1: QF_PBR/Env/NssStandard alpha=OPAQUE tris=4962 verts=3850 from ['E_ChinaTown_New_Thing_03']
prim E_ChinaTown_New_Building_02|lm0@2,-1: QF_PBR/Env/NssStandard alpha=OPAQUE tris=4535 verts=5419 from ['E_ChinaTown_New_Building_04']
prim E_ChinaTown_New_Building_02|lm0@2,-2: QF_PBR/Env/NssStandard alpha=OPAQUE tris=2475 verts=2287 from ['E_ChinaTown_New_Building_05']
prim E_ChinaTown_New_Building_06|lm0@-3,-2: QF_PBR/Env/NssStandard alpha=MASK tris=32 verts=40 from ['E_ChinaTown_New_Thing_02']
  tex E_ChinaTown_New_Rock_02_basecolor 256x256 -> 256x256 rgb 2 KB
  tex E_ChinaTown_New_Grass_01_B 256x256 -> 256x256 rgb 1 KB
prim E_ChinaTown_New_Grass_04|lm1@0,1: QF_PBR/Env/NssTerrain2Layer alpha=OPAQUE tris=1803 verts=1162 from ['E_ChinaTown_New_Dixing_01']
prim E_ChinaTown_New_Grass_01|lm1@0,1: QF_PBR/Env/NssTerrain2Layer alpha=OPAQUE tris=5541 verts=3563 from ['E_ChinaTown_New_Dixing_01']
  tex E_ChinaTown_New_Flower_01_B 256x256 -> 256x256 rgba 6 KB
prim E_ChinaTown_New_Grass_03|lm0@-1,-1: QF_PBR/Env/NssStandard alpha=MASK tris=420 verts=1243 from ['E_ChinaTown_New_Grass_06']
prim E_ChinaTown_New_Grass_03|lm0@-3,-2: QF_PBR/Env/NssStandard alpha=MASK tris=411 verts=1172 from ['E_ChinaTown_New_Grass_05']
prim E_ChinaTown_New_Grass_03|lm0@1,-2: QF_PBR/Env/NssStandard alpha=MASK tris=849 verts=2547 from ['E_ChinaTown_New_Grass_04']
prim E_ChinaTown_New_Grass_03|lm0@2,1: QF_PBR/Env/NssStandard alpha=MASK tris=840 verts=2284 from ['E_ChinaTown_New_Grass_02']
prim E_ChinaTown_New_Grass_03|lm0@3,-1: QF_PBR/Env/NssStandard alpha=MASK tris=422 verts=1204 from ['E_ChinaTown_New_Grass_03']
  tex C_Zhuzi_01_D@RGBAC 1024x1024 -> 512x512 rgba 68 KB
  tex C_Zhuzi_01_D@RGBAC 1024x1024 -> 512x512 rgb 17 KB
prim E_ChinaTown_New_Zhuzi_01|lm0@-3,-1: QF_PBR/Env/NssStandard alpha=MASK tris=2695 verts=2678 from ['E_ChinaTown_New_zhuzi_01']
prim E_ChinaTown_New_Grass_05|lm0@-1,1: QF_PBR/Env/NssStandard alpha=MASK tris=1045 verts=2786 from ['E_ChinaTown_New_Grass_01']
prim E_ChinaTown_New_Building_07|lm0@2,-1: QF_PBR/Env/NssStandard alpha=BLEND tris=176 verts=280 from ['E_ChinaTown_New_Building_04']
prim E_ChinaTown_New_Water_01@-3,1: QF/Env/0_MeshOcean/MeshOcean_Transparent alpha=BLEND tris=22 verts=28 from ['E_ChinaTown_New_Water_01']
prim E_ChinaTown_New_Lujie_05|lm0@-2,1: QF_PBR/Env/NssStandard alpha=OPAQUE tris=535 verts=635 from ['E_ChinaTown_New_Building_02']
prim E_ChinaTown_New_Building_04|lm0@-2,1: QF_PBR/Env/NssStandard alpha=BLEND tris=360 verts=486 from ['E_ChinaTown_New_Building_02']
  tex E_ChinaTown_New_Grass_01_B 256x256 -> 256x256 rgb 1 KB
  tex E_ChinaTown_New_Road_01_B 256x256 -> 256x256 rgb 2 KB
  tex E_ChinaTown_New_Road_01_M 256x256 -> 256x256 rgb 2 KB
prim E_ChinaTown_New_Road_01|lm0@0,-1: QF_PBR/Env/NssTerrain2Layer alpha=OPAQUE tris=654 verts=451 from ['E_ChinaTown_New_Road_01']
  tex E_ChinaTown_New_Lujie_01_B 128x256 -> 128x256 rgb 4 KB
  tex E_ChinaTown_New_Lujie_01_E 128x256 -> 128x256 rgb 1 KB
prim E_ChinaTown_New_Lujie_01|lm0@0,-1: QF_PBR/Env/NssStandard alpha=OPAQUE tris=1532 verts=2073 from ['E_ChinaTown_New_Road_01']
  tex E_ChinaTown_New_Road_02_B 256x256 -> 256x256 rgb 3 KB
  tex E_ChinaTown_New_Road_03_B 256x256 -> 256x256 rgb 4 KB
prim E_ChinaTown_New_Road_02|lm0@0,-1: QF_PBR/Env/NssTerrain2Layer alpha=OPAQUE tris=61 verts=73 from ['E_ChinaTown_New_Road_01']
  tex E_ChinaTown_New_Jiantou_01_B 128x64 -> 128x64 rgba 4 KB
prim E_ChinaTown_New_Jiantou_01@0,-1: QF/Env/Ink/Diffuse alpha=BLEND tris=48 verts=82 from ['E_ChinaTown_New_Jiantou_01']
  tex C_AddPSeed_D 256x256 -> 256x256 rgb 8 KB
prim C_AddPSeed04@0,1: QF_Gamma/Env/Transparent/Basic_AlphaBlendScrollBG alpha=BLEND tris=12 verts=16 from ['E_ChinaTown_New_AddSpeed_01']
  tex E_ChinaTown_New_Rock_2_basecolor 256x256 -> 256x256 rgb 2 KB
prim E_ChinaTown_New_Grass_02@2,1: QF_PBR/Env/NssTerrain2Layer alpha=OPAQUE tris=1723 verts=1221 from ['E_ChinaTown_New_Dixing_02']
  tex C_Shu_Big_01_D@RGBAC 256x256 -> 256x256 rgba 11 KB
inst inst:C_GuanMu_Big_01_LOD0:C_GuanMu_Big_01|lm0: 7 instances in 7 chunks, tris each=1102 verts=1844
  tex C_Songshu_02_01_D@RGBAC 512x256 -> 512x256 rgba 21 KB
inst inst:C_Songshu_02_LOD0:C_Songshu_02_1|lm0: 9 instances in 9 chunks, tris each=4028 verts=6872
  tex C_liushu_03_D@RGBAC 512x512 -> 512x512 rgba 52 KB
prim C_Liushu_03@-3,1: QF_PBR/Env/NssStandardPlantOneSide alpha=MASK tris=3073 verts=6231 from ['C_liushu_03_LOD0']
prim C_Liushu_03@-3,2: QF_PBR/Env/NssStandardPlantOneSide alpha=MASK tris=3073 verts=6231 from ['C_liushu_03_LOD0']
lightmaps used by primitives: [0, 1]
note: RenderSettings has a skybox material; only the sky mesh is exported
done: 54 primitives, 32 textures (0.55 MB webp), 2 lightmaps, folder 3.11 MB
